// Jest Snapshot v1, https://goo.gl/fbAQLP

exports[`loading size 1`] = `
<button class="justice-button justice-button--default justice-button--normal">
  <div class="van-loading van-loading--circular justice-button__loading"><span class="van-loading__spinner van-loading__spinner--circular" style="color: rgb(201, 201, 201); width: 10px; height: 10px;"><svg viewBox="25 25 50 50" class="van-loading__circular"><circle cx="50" cy="50" r="20" fill="none"></circle></svg></span></div>
</button>
`;
